******************************************************************************
                  TI ARM Linker PC v18.12.2                    
******************************************************************************
>> Linked Sun Feb  2 23:36:21 2020

OUTPUT FILE NAME:   <project_step4.out>
ENTRY POINT SYMBOL: "_c_int00_noargs"  address: 000056cd


MEMORY CONFIGURATION

         name            origin    length      used     unused   attr    fill
----------------------  --------  ---------  --------  --------  ----  --------
  FLASH                 00000000   00040000  00005c2c  0003a3d4  R  X
  SRAM                  20000000   00008000  000071b0  00000e50  RW X


SEGMENT ALLOCATION MAP

run origin  load origin   length   init length attrs members
----------  ----------- ---------- ----------- ----- -------
00000000    00000000    00005c30   00005c30    r-x
  00000000    00000000    0000026c   0000026c    r-- .intvecs
  0000026c    0000026c    00005658   00005658    r-x .text
  000058c8    000058c8    00000328   00000328    r-- .const
  00005bf0    00005bf0    00000040   00000040    r-- .cinit
20000000    20000000    000071b4   00000000    rw-
  20000000    20000000    00006164   00000000    rw- .bss
  20006168    20006168    00001000   00000000    rw- .stack
  20007168    20007168    0000004c   00000000    rw- .data


SECTION ALLOCATION MAP

 output                                  attributes/
section   page    origin      length       input sections
--------  ----  ----------  ----------   ----------------
.intvecs   0    00000000    0000026c     
                  00000000    0000026c     tm4c123gh6pm_startup_ccs.obj (.intvecs)

.text      0    0000026c    00005658     
                  0000026c    00002160     main.obj (.text)
                  000023cc    00000a4e     rtsv7M4_T_le_v4SPD16_eabi.lib : _printfi.c.obj (.text:__TI_printfi)
                  00002e1a    00000002                                   : div0.asm.obj (.text)
                  00002e1c    00000738                                   : k_rem_pio2.c.obj (.text:__kernel_rem_pio2)
                  00003554    000005c4                                   : s_sin.c.obj (.text:sin)
                  00003b18    00000460                                   : strtod.c.obj (.text:strtod)
                  00003f78    00000270                                   : _printfi.c.obj (.text:_pconv_a)
                  000041e8    000001d0                                   : _printfi.c.obj (.text:_pconv_g)
                  000043b8    000001b6                                   : fd_add_t2.asm.obj (.text)
                  0000456e    00000002     --HOLE-- [fill = 0]
                  00004570    00000174                                   : k_sin.c.obj (.text:__kernel_sin)
                  000046e4    0000016c                                   : k_cos.c.obj (.text:__kernel_cos)
                  00004850    0000013c                                   : _printfi.c.obj (.text:_pconv_e)
                  0000498c    00000136                                   : fd_div_t2.asm.obj (.text)
                  00004ac2    00000002     --HOLE-- [fill = 0]
                  00004ac4    00000124                                   : _printfi.c.obj (.text:fcvt)
                  00004be8    00000110                                   : s_scalbn.c.obj (.text:scalbn)
                  00004cf8    000000fc                                   : fd_mul_t2.asm.obj (.text)
                  00004df4    000000f8                                   : s_floor.c.obj (.text:floor)
                  00004eec    000000b1                                   : _printfi.c.obj (.text:_ltostr)
                  00004f9d    00000001     --HOLE-- [fill = 0]
                  00004f9e    0000009c                                   : memcpy_t2.asm.obj (.text)
                  0000503a    00000096                                   : ull_div_t2.asm.obj (.text)
                  000050d0    00000086                                   : fd_cmp_t2.asm.obj (.text:__aeabi_cdcmple)
                  00005156    00000086                                   : fd_cmp_t2.asm.obj (.text:__aeabi_cdrcmple)
                  000051dc    0000007a                                   : memset_t2.asm.obj (.text)
                  00005256    0000006e                                   : _printfi.c.obj (.text:_mcpy)
                  000052c4    0000006e                                   : fd_tos_t2.asm.obj (.text)
                  00005332    00000068                                   : copy_decompress_lzss.c.obj (.text:decompress:lzss:__TI_decompress_lzss)
                  0000539a    00000002     --HOLE-- [fill = 0]
                  0000539c    00000064                                   : s_frexp.c.obj (.text:frexp)
                  00005400    00000056                                   : _printfi.c.obj (.text:_pconv_f)
                  00005456    00000054                                   : ltoa.c.obj (.text:ltoa)
                  000054aa    00000052                                   : _printfi.c.obj (.text:_ecpy)
                  000054fc    0000004c                                   : atoi.c.obj (.text:atoi)
                  00005548    00000048                                   : fd_toi_t2.asm.obj (.text)
                  00005590    00000044                                   : autoinit.c.obj (.text:__TI_auto_init_nobinit_nopinit:__TI_auto_init_nobinit_nopinit)
                  000055d4    00000040                                   : sprintf.c.obj (.text:sprintf)
                  00005614    00000040                                   : strtok.c.obj (.text:strtok)
                  00005654    0000003e                                   : _printfi.c.obj (.text:_fcpy)
                  00005692    00000038                                   : fs_tod_t2.asm.obj (.text)
                  000056ca    00000002     --HOLE-- [fill = 0]
                  000056cc    00000034                                   : boot_cortex_m.c.obj (.text:_c_int00_noargs:_c_int00_noargs)
                  00005700    0000002e                                   : i_tofd_t2.asm.obj (.text)
                  0000572e    0000002a                                   : strspn.c.obj (.text:strspn)
                  00005758    00000024                                   : strcspn.c.obj (.text:strcspn)
                  0000577c    00000020                                   : u_tofd_t2.asm.obj (.text)
                  0000579c    0000001e                                   : strcat.c.obj (.text:strcat)
                  000057ba    0000001c                                   : memccpy.c.obj (.text:memccpy)
                  000057d6    0000001a                                   : s_copysign.c.obj (.text:copysign)
                  000057f0    00000018                                   : sprintf.c.obj (.text:_outs)
                  00005808    00000018                                   : strcmp.c.obj (.text:strcmp)
                  00005820    00000016                                   : strchr.c.obj (.text:strchr)
                  00005836    00000014                                   : strcpy.c.obj (.text:strcpy)
                  0000584a    00000014                                   : strlen.c.obj (.text:strlen)
                  0000585e    00000012                                   : atof.c.obj (.text:atof)
                  00005870    00000012                                   : wcslen.c.obj (.text:wcslen)
                  00005882    0000000e                                   : copy_decompress_none.c.obj (.text:decompress:none:__TI_decompress_none)
                  00005890    0000000c                                   : copy_zero_init.c.obj (.text:decompress:ZI:__TI_zero_init)
                  0000589c    0000000c     tm4c123gh6pm_startup_ccs.obj (.text)
                  000058a8    0000000a     rtsv7M4_T_le_v4SPD16_eabi.lib : sprintf.c.obj (.text:_outc)
                  000058b2    00000002     --HOLE-- [fill = 0]
                  000058b4    00000008                                   : errno.c.obj (.text:__aeabi_errno_addr)
                  000058bc    00000004                                   : pre_init.c.obj (.text:_system_pre_init)
                  000058c0    00000004                                   : exit.c.obj (.text:abort:abort)

.const     0    000058c8    00000328     
                  000058c8    00000158     rtsv7M4_T_le_v4SPD16_eabi.lib : k_rem_pio2.c.obj (.const:$O1$$)
                  00005a20    00000101                                   : ctype.c.obj (.const:.string:_ctypes_)
                  00005b21    00000007     --HOLE-- [fill = 0]
                  00005b28    000000c8                                   : strtod.c.obj (.const:$O1$$)

.cinit     0    00005bf0    00000040     
                  00005bf0    00000016     (.cinit..data.load) [load image, compression = lzss]
                  00005c06    00000002     --HOLE-- [fill = 0]
                  00005c08    0000000c     (__TI_handler_table)
                  00005c14    00000004     --HOLE-- [fill = 0]
                  00005c18    00000008     (.cinit..bss.load) [load image, compression = zero_init]
                  00005c20    00000010     (__TI_cinit_table)

.init_array 
*          0    00000000    00000000     UNINITIALIZED

.bss       0    20000000    00006164     UNINITIALIZED
                  20000000    00006000     (.common:LUT)
                  20006000    00000054     (.common:array)
                  20006054    00000054     (.common:str)
                  200060a8    00000054     (.common:str1)
                  200060fc    00000054     (.common:str2)
                  20006150    0000000c     (.common:Cmd)
                  2000615c    00000008     (.common:pos)

.data      0    20007168    0000004c     UNINITIALIZED
                  20007168    00000044     main.obj (.data)
                  200071ac    00000004     rtsv7M4_T_le_v4SPD16_eabi.lib : errno.c.obj (.data)
                  200071b0    00000004                                   : strtok.c.obj (.data)

.stack     0    20006168    00001000     UNINITIALIZED
                  20006168    00000004     rtsv7M4_T_le_v4SPD16_eabi.lib : boot_cortex_m.c.obj (.stack)
                  2000616c    00000ffc     --HOLE--

MODULE SUMMARY

       Module                         code    ro data   rw data
       ------                         ----    -------   -------
    .\
       main.obj                       8544    0         25000  
       tm4c123gh6pm_startup_ccs.obj   12      620       0      
    +--+------------------------------+-------+---------+---------+
       Total:                         8556    620       25000  
                                                               
    C:\ti\ccs910\ccs\tools\compiler\ti-cgt-arm_18.12.2.LTS\lib\rtsv7M4_T_le_v4SPD16_eabi.lib
       _printfi.c.obj                 4851    0         0      
       k_rem_pio2.c.obj               1848    344       0      
       s_sin.c.obj                    1476    0         0      
       strtod.c.obj                   1120    200       0      
       fd_add_t2.asm.obj              438     0         0      
       k_sin.c.obj                    372     0         0      
       k_cos.c.obj                    364     0         0      
       fd_div_t2.asm.obj              310     0         0      
       s_scalbn.c.obj                 272     0         0      
       fd_cmp_t2.asm.obj              268     0         0      
       ctype.c.obj                    0       257       0      
       fd_mul_t2.asm.obj              252     0         0      
       s_floor.c.obj                  248     0         0      
       memcpy_t2.asm.obj              156     0         0      
       ull_div_t2.asm.obj             150     0         0      
       memset_t2.asm.obj              122     0         0      
       fd_tos_t2.asm.obj              110     0         0      
       copy_decompress_lzss.c.obj     104     0         0      
       s_frexp.c.obj                  100     0         0      
       sprintf.c.obj                  98      0         0      
       ltoa.c.obj                     84      0         0      
       atoi.c.obj                     76      0         0      
       fd_toi_t2.asm.obj              72      0         0      
       autoinit.c.obj                 68      0         0      
       strtok.c.obj                   64      0         4      
       fs_tod_t2.asm.obj              56      0         0      
       boot_cortex_m.c.obj            52      0         0      
       i_tofd_t2.asm.obj              46      0         0      
       strspn.c.obj                   42      0         0      
       strcspn.c.obj                  36      0         0      
       u_tofd_t2.asm.obj              32      0         0      
       strcat.c.obj                   30      0         0      
       memccpy.c.obj                  28      0         0      
       s_copysign.c.obj               26      0         0      
       strcmp.c.obj                   24      0         0      
       strchr.c.obj                   22      0         0      
       strcpy.c.obj                   20      0         0      
       strlen.c.obj                   20      0         0      
       atof.c.obj                     18      0         0      
       wcslen.c.obj                   18      0         0      
       copy_decompress_none.c.obj     14      0         0      
       copy_zero_init.c.obj           12      0         0      
       errno.c.obj                    8       0         4      
       exit.c.obj                     4       0         0      
       pre_init.c.obj                 4       0         0      
       div0.asm.obj                   2       0         0      
    +--+------------------------------+-------+---------+---------+
       Total:                         13537   801       8      
                                                               
       Stack:                         0       0         4096   
       Linker Generated:              0       58        0      
    +--+------------------------------+-------+---------+---------+
       Grand Total:                   22093   1479      29104  


LINKER GENERATED COPY TABLES

__TI_cinit_table @ 00005c20 records: 2, size/record: 8, table size: 16
	.data: load addr=00005bf0, load size=00000016 bytes, run addr=20007168, run size=0000004c bytes, compression=lzss
	.bss: load addr=00005c18, load size=00000008 bytes, run addr=20000000, run size=00006164 bytes, compression=zero_init


LINKER GENERATED HANDLER TABLE

__TI_handler_table @ 00005c08 records: 3, size/record: 4, table size: 12
	index: 0, handler: __TI_decompress_lzss
	index: 1, handler: __TI_decompress_none
	index: 2, handler: __TI_zero_init


GLOBAL SYMBOLS: SORTED ALPHABETICALLY BY Name 

address   name                          
-------   ----                          
000058c1  C$$EXIT                       
20006150  Cmd                           
20000000  LUT                           
0000589d  ResetISR                      
2000718c  Trigger                       
200071a8  Vout                          
20007168  __STACK_END                   
00001000  __STACK_SIZE                  
20006368  __STACK_TOP                   
00005c20  __TI_CINIT_Base               
00005c30  __TI_CINIT_Limit              
00005c08  __TI_Handler_Table_Base       
00005c14  __TI_Handler_Table_Limit      
00005591  __TI_auto_init_nobinit_nopinit
00005333  __TI_decompress_lzss          
00005883  __TI_decompress_none          
ffffffff  __TI_pprof_out_hndl           
000023cd  __TI_printfi                  
ffffffff  __TI_prof_data_size           
ffffffff  __TI_prof_data_start          
00000000  __TI_static_base__            
00005891  __TI_zero_init                
000050d1  __aeabi_cdcmpeq               
000050d1  __aeabi_cdcmple               
00005157  __aeabi_cdrcmple              
000052c5  __aeabi_d2f                   
00005549  __aeabi_d2iz                  
000043c3  __aeabi_dadd                  
0000498d  __aeabi_ddiv                  
00004cf9  __aeabi_dmul                  
000043b9  __aeabi_dsub                  
000058b5  __aeabi_errno_addr            
00005693  __aeabi_f2d                   
00005701  __aeabi_i2d                   
00002e1b  __aeabi_idiv0                 
00002e1b  __aeabi_ldiv0                 
000051dd  __aeabi_memclr                
000051dd  __aeabi_memclr4               
000051dd  __aeabi_memclr8               
00004f9f  __aeabi_memcpy                
00004f9f  __aeabi_memcpy4               
00004f9f  __aeabi_memcpy8               
000051df  __aeabi_memset                
000051df  __aeabi_memset4               
000051df  __aeabi_memset8               
0000577d  __aeabi_ui2d                  
0000503b  __aeabi_uldivmod              
ffffffff  __binit__                     
ffffffff  __c_args__                    
000046e5  __kernel_cos                  
00002e1d  __kernel_rem_pio2             
00004571  __kernel_sin                  
UNDEFED   __mpu_init                    
20006168  __stack                       
000056cd  _c_int00_noargs               
00005a20  _ctypes_                      
UNDEFED   _system_post_cinit            
000058bd  _system_pre_init              
000058c1  abort                         
20007194  amp                           
20007168  argCount                      
2000716a  argNo                         
20006000  array                         
0000585f  atof                          
000054fd  atoi                          
ffffffff  binit                         
2000718d  channel                       
2000716e  channel1                      
2000716f  channel2                      
000057d7  copysign                      
000057d7  copysignl                     
20007169  count                         
20007188  counter                       
20007180  cycles                        
20007170  del_phi1                      
20007174  del_phi2                      
200071ac  errno                         
00004df5  floor                         
00004df5  floorl                        
20007190  freq                          
2000719c  freq1                         
200071a0  freq2                         
0000539d  frexp                         
0000539d  frexpl                        
00000000  g_pfnVectors                  
200071a4  gain                          
00000a4d  getArgFloat                   
00000a35  getArgInt                     
000009d1  getArgString                  
000006b5  getString                     
00000639  getcUart0                     
0000026d  initHw                        
00001b01  isCommand                     
00004be9  ldexp                         
00004be9  ldexpl                        
00000c1d  lookUpTable                   
00005457  ltoa                          
00002221  main                          
000057bb  memccpy                       
00004f9f  memcpy                        
000051e5  memset                        
20007184  nofcycles                     
20007198  offset                        
000007b5  parseString                   
20007178  phi1                          
2000717c  phi2                          
2000615c  pos                           
000005bd  putcUart0                     
000005fd  putsUart0                     
00000a75  readAdc0Ss3                   
00000a8f  readAdc1Ss3                   
00000b01  run                           
00004be9  scalbn                        
00004be9  scalbnl                       
00000acd  sgn                           
00003555  sin                           
00003555  sinl                          
000055d5  sprintf                       
20006054  str                           
200060a8  str1                          
200060fc  str2                          
0000579d  strcat                        
00005821  strchr                        
00005809  strcmp                        
00005837  strcpy                        
00005759  strcspn                       
0000584b  strlen                        
0000572f  strspn                        
00003b19  strtod                        
00005615  strtok                        
00003b19  strtold                       
2000716c  tdata                         
0000046d  timer1Isr                     
00000aa9  waitMicrosecond               
00005871  wcslen                        


GLOBAL SYMBOLS: SORTED BY Symbol Address 

address   name                          
-------   ----                          
00000000  __TI_static_base__            
00000000  g_pfnVectors                  
0000026d  initHw                        
0000046d  timer1Isr                     
000005bd  putcUart0                     
000005fd  putsUart0                     
00000639  getcUart0                     
000006b5  getString                     
000007b5  parseString                   
000009d1  getArgString                  
00000a35  getArgInt                     
00000a4d  getArgFloat                   
00000a75  readAdc0Ss3                   
00000a8f  readAdc1Ss3                   
00000aa9  waitMicrosecond               
00000acd  sgn                           
00000b01  run                           
00000c1d  lookUpTable                   
00001000  __STACK_SIZE                  
00001b01  isCommand                     
00002221  main                          
000023cd  __TI_printfi                  
00002e1b  __aeabi_idiv0                 
00002e1b  __aeabi_ldiv0                 
00002e1d  __kernel_rem_pio2             
00003555  sin                           
00003555  sinl                          
00003b19  strtod                        
00003b19  strtold                       
000043b9  __aeabi_dsub                  
000043c3  __aeabi_dadd                  
00004571  __kernel_sin                  
000046e5  __kernel_cos                  
0000498d  __aeabi_ddiv                  
00004be9  ldexp                         
00004be9  ldexpl                        
00004be9  scalbn                        
00004be9  scalbnl                       
00004cf9  __aeabi_dmul                  
00004df5  floor                         
00004df5  floorl                        
00004f9f  __aeabi_memcpy                
00004f9f  __aeabi_memcpy4               
00004f9f  __aeabi_memcpy8               
00004f9f  memcpy                        
0000503b  __aeabi_uldivmod              
000050d1  __aeabi_cdcmpeq               
000050d1  __aeabi_cdcmple               
00005157  __aeabi_cdrcmple              
000051dd  __aeabi_memclr                
000051dd  __aeabi_memclr4               
000051dd  __aeabi_memclr8               
000051df  __aeabi_memset                
000051df  __aeabi_memset4               
000051df  __aeabi_memset8               
000051e5  memset                        
000052c5  __aeabi_d2f                   
00005333  __TI_decompress_lzss          
0000539d  frexp                         
0000539d  frexpl                        
00005457  ltoa                          
000054fd  atoi                          
00005549  __aeabi_d2iz                  
00005591  __TI_auto_init_nobinit_nopinit
000055d5  sprintf                       
00005615  strtok                        
00005693  __aeabi_f2d                   
000056cd  _c_int00_noargs               
00005701  __aeabi_i2d                   
0000572f  strspn                        
00005759  strcspn                       
0000577d  __aeabi_ui2d                  
0000579d  strcat                        
000057bb  memccpy                       
000057d7  copysign                      
000057d7  copysignl                     
00005809  strcmp                        
00005821  strchr                        
00005837  strcpy                        
0000584b  strlen                        
0000585f  atof                          
00005871  wcslen                        
00005883  __TI_decompress_none          
00005891  __TI_zero_init                
0000589d  ResetISR                      
000058b5  __aeabi_errno_addr            
000058bd  _system_pre_init              
000058c1  C$$EXIT                       
000058c1  abort                         
00005a20  _ctypes_                      
00005c08  __TI_Handler_Table_Base       
00005c14  __TI_Handler_Table_Limit      
00005c20  __TI_CINIT_Base               
00005c30  __TI_CINIT_Limit              
20000000  LUT                           
20006000  array                         
20006054  str                           
200060a8  str1                          
200060fc  str2                          
20006150  Cmd                           
2000615c  pos                           
20006168  __stack                       
20006368  __STACK_TOP                   
20007168  __STACK_END                   
20007168  argCount                      
20007169  count                         
2000716a  argNo                         
2000716c  tdata                         
2000716e  channel1                      
2000716f  channel2                      
20007170  del_phi1                      
20007174  del_phi2                      
20007178  phi1                          
2000717c  phi2                          
20007180  cycles                        
20007184  nofcycles                     
20007188  counter                       
2000718c  Trigger                       
2000718d  channel                       
20007190  freq                          
20007194  amp                           
20007198  offset                        
2000719c  freq1                         
200071a0  freq2                         
200071a4  gain                          
200071a8  Vout                          
200071ac  errno                         
ffffffff  __TI_pprof_out_hndl           
ffffffff  __TI_prof_data_size           
ffffffff  __TI_prof_data_start          
ffffffff  __binit__                     
ffffffff  __c_args__                    
ffffffff  binit                         
UNDEFED   __mpu_init                    
UNDEFED   _system_post_cinit            

[135 symbols]
