******************************************************************************
                  TI ARM Linker PC v18.12.2                    
******************************************************************************
>> Linked Mon Nov 11 21:00:16 2019

OUTPUT FILE NAME:   <project_1001743754.out>
ENTRY POINT SYMBOL: "_c_int00_noargs"  address: 00003d15


MEMORY CONFIGURATION

         name            origin    length      used     unused   attr    fill
----------------------  --------  ---------  --------  --------  ----  --------
  FLASH                 00000000   00040000  0000412c  0003bed4  R  X
  SRAM                  20000000   00008000  0000045a  00007ba6  RW X


SEGMENT ALLOCATION MAP

run origin  load origin   length   init length attrs members
----------  ----------- ---------- ----------- ----- -------
00000000    00000000    00004130   00004130    r-x
  00000000    00000000    0000026c   0000026c    r-- .intvecs
  0000026c    0000026c    00003c90   00003c90    r-x .text
  00003f00    00003f00    00000200   00000200    r-- .const
  00004100    00004100    00000030   00000030    r-- .cinit
20000000    20000000    00000460   00000000    rw-
  20000000    20000000    00000252   00000000    rw- .bss
  20000258    20000258    00000200   00000000    rw- .stack
  20000458    20000458    00000008   00000000    rw- .data


SECTION ALLOCATION MAP

 output                                  attributes/
section   page    origin      length       input sections
--------  ----  ----------  ----------   ----------------
.intvecs   0    00000000    0000026c     
                  00000000    0000026c     tm4c123gh6pm_startup_ccs.obj (.intvecs)

.text      0    0000026c    00003c90     
                  0000026c    00000d64     main.obj (.text)
                  00000fd0    00000a4e     rtsv7M4_T_le_v4SPD16_eabi.lib : _printfi.c.obj (.text:__TI_printfi)
                  00001a1e    00000002                                   : div0.asm.obj (.text)
                  00001a20    000009c0                                   : e_pow.c.obj (.text:pow)
                  000023e0    00000460                                   : strtod.c.obj (.text:strtod)
                  00002840    00000270                                   : _printfi.c.obj (.text:_pconv_a)
                  00002ab0    000001d0                                   : _printfi.c.obj (.text:_pconv_g)
                  00002c80    000001b6                                   : fd_add_t2.asm.obj (.text)
                  00002e36    00000002     --HOLE-- [fill = 0]
                  00002e38    00000158                                   : e_sqrt.c.obj (.text:sqrt)
                  00002f90    0000013c                                   : _printfi.c.obj (.text:_pconv_e)
                  000030cc    00000136                                   : fd_div_t2.asm.obj (.text)
                  00003202    00000002     --HOLE-- [fill = 0]
                  00003204    00000124                                   : _printfi.c.obj (.text:fcvt)
                  00003328    00000110                                   : s_scalbn.c.obj (.text:scalbn)
                  00003438    000000fc                                   : fd_mul_t2.asm.obj (.text)
                  00003534    000000b1                                   : _printfi.c.obj (.text:_ltostr)
                  000035e5    00000001     --HOLE-- [fill = 0]
                  000035e6    0000009c                                   : memcpy_t2.asm.obj (.text)
                  00003682    00000096                                   : ull_div_t2.asm.obj (.text)
                  00003718    00000086                                   : fd_cmp_t2.asm.obj (.text:__aeabi_cdcmple)
                  0000379e    00000086                                   : fd_cmp_t2.asm.obj (.text:__aeabi_cdrcmple)
                  00003824    0000007a                                   : memset_t2.asm.obj (.text)
                  0000389e    0000006e                                   : _printfi.c.obj (.text:_mcpy)
                  0000390c    0000006e                                   : fd_tos_t2.asm.obj (.text)
                  0000397a    00000068                                   : copy_decompress_lzss.c.obj (.text:decompress:lzss:__TI_decompress_lzss)
                  000039e2    00000002     --HOLE-- [fill = 0]
                  000039e4    00000064                                   : s_frexp.c.obj (.text:frexp)
                  00003a48    00000056                                   : _printfi.c.obj (.text:_pconv_f)
                  00003a9e    00000054                                   : ltoa.c.obj (.text:ltoa)
                  00003af2    00000052                                   : _printfi.c.obj (.text:_ecpy)
                  00003b44    0000004c                                   : atoi.c.obj (.text:atoi)
                  00003b90    00000048                                   : fd_toi_t2.asm.obj (.text)
                  00003bd8    00000044                                   : autoinit.c.obj (.text:__TI_auto_init_nobinit_nopinit:__TI_auto_init_nobinit_nopinit)
                  00003c1c    00000040                                   : sprintf.c.obj (.text:sprintf)
                  00003c5c    00000040                                   : strtok.c.obj (.text:strtok)
                  00003c9c    0000003e                                   : _printfi.c.obj (.text:_fcpy)
                  00003cda    00000038                                   : fs_tod_t2.asm.obj (.text)
                  00003d12    00000002     --HOLE-- [fill = 0]
                  00003d14    00000034                                   : boot_cortex_m.c.obj (.text:_c_int00_noargs:_c_int00_noargs)
                  00003d48    0000002e                                   : i_tofd_t2.asm.obj (.text)
                  00003d76    0000002a                                   : strspn.c.obj (.text:strspn)
                  00003da0    00000024                                   : strcspn.c.obj (.text:strcspn)
                  00003dc4    0000001e                                   : strcat.c.obj (.text:strcat)
                  00003de2    0000001c                                   : copy_zero_init.c.obj (.text:decompress:ZI:__TI_zero_init_nomemset:__TI_zero_init_nomemset)
                  00003dfe    0000001c                                   : memccpy.c.obj (.text:memccpy)
                  00003e1a    0000001a                                   : s_copysign.c.obj (.text:copysign)
                  00003e34    00000018                                   : sprintf.c.obj (.text:_outs)
                  00003e4c    00000018                                   : strcmp.c.obj (.text:strcmp)
                  00003e64    00000016                                   : strchr.c.obj (.text:strchr)
                  00003e7a    00000014                                   : strcpy.c.obj (.text:strcpy)
                  00003e8e    00000014                                   : strlen.c.obj (.text:strlen)
                  00003ea2    00000012                                   : atof.c.obj (.text:atof)
                  00003eb4    00000012                                   : wcslen.c.obj (.text:wcslen)
                  00003ec6    0000000e                                   : copy_decompress_none.c.obj (.text:decompress:none:__TI_decompress_none)
                  00003ed4    0000000c     tm4c123gh6pm_startup_ccs.obj (.text)
                  00003ee0    0000000a     rtsv7M4_T_le_v4SPD16_eabi.lib : sprintf.c.obj (.text:_outc)
                  00003eea    00000002     --HOLE-- [fill = 0]
                  00003eec    00000008                                   : errno.c.obj (.text:__aeabi_errno_addr)
                  00003ef4    00000004                                   : pre_init.c.obj (.text:_system_pre_init)
                  00003ef8    00000004                                   : exit.c.obj (.text:abort:abort)

.const     0    00003f00    00000200     
                  00003f00    00000101     rtsv7M4_T_le_v4SPD16_eabi.lib : ctype.c.obj (.const:.string:_ctypes_)
                  00004001    00000003     main.obj (.const:.string:$P$T0$1)
                  00004004    00000004     --HOLE-- [fill = 0]
                  00004008    000000c8     rtsv7M4_T_le_v4SPD16_eabi.lib : strtod.c.obj (.const:$O1$$)
                  000040d0    00000030                                   : e_pow.c.obj (.const:$O1$$)

.cinit     0    00004100    00000030     
                  00004100    0000000c     (__TI_handler_table)
                  0000410c    00000004     --HOLE-- [fill = 0]
                  00004110    00000008     (.cinit..bss.load) [load image, compression = zero_init]
                  00004118    00000007     (.cinit..data.load) [load image, compression = lzss]
                  0000411f    00000001     --HOLE-- [fill = 0]
                  00004120    00000010     (__TI_cinit_table)

.init_array 
*          0    00000000    00000000     UNINITIALIZED

.bss       0    20000000    00000252     UNINITIALIZED
                  20000000    00000144     (.common:array)
                  20000144    00000054     (.common:str)
                  20000198    00000054     (.common:str1)
                  200001ec    00000054     (.common:str2)
                  20000240    00000008     (.common:Cmd)
                  20000248    00000008     (.common:pos)
                  20000250    00000001     (.common:argCount)
                  20000251    00000001     (.common:count)

.data      0    20000458    00000008     UNINITIALIZED
                  20000458    00000004     rtsv7M4_T_le_v4SPD16_eabi.lib : errno.c.obj (.data)
                  2000045c    00000004                                   : strtok.c.obj (.data)

.stack     0    20000258    00000200     UNINITIALIZED
                  20000258    00000004     rtsv7M4_T_le_v4SPD16_eabi.lib : boot_cortex_m.c.obj (.stack)
                  2000025c    000001fc     --HOLE--

MODULE SUMMARY

       Module                         code    ro data   rw data
       ------                         ----    -------   -------
    .\
       main.obj                       3428    3         594    
       tm4c123gh6pm_startup_ccs.obj   12      620       0      
    +--+------------------------------+-------+---------+---------+
       Total:                         3440    623       594    
                                                               
    C:\ti\ccs910\ccs\tools\compiler\ti-cgt-arm_18.12.2.LTS\lib\rtsv7M4_T_le_v4SPD16_eabi.lib
       _printfi.c.obj                 4851    0         0      
       e_pow.c.obj                    2496    48        0      
       strtod.c.obj                   1120    200       0      
       fd_add_t2.asm.obj              438     0         0      
       e_sqrt.c.obj                   344     0         0      
       fd_div_t2.asm.obj              310     0         0      
       s_scalbn.c.obj                 272     0         0      
       fd_cmp_t2.asm.obj              268     0         0      
       ctype.c.obj                    0       257       0      
       fd_mul_t2.asm.obj              252     0         0      
       memcpy_t2.asm.obj              156     0         0      
       ull_div_t2.asm.obj             150     0         0      
       memset_t2.asm.obj              122     0         0      
       fd_tos_t2.asm.obj              110     0         0      
       copy_decompress_lzss.c.obj     104     0         0      
       s_frexp.c.obj                  100     0         0      
       sprintf.c.obj                  98      0         0      
       ltoa.c.obj                     84      0         0      
       atoi.c.obj                     76      0         0      
       fd_toi_t2.asm.obj              72      0         0      
       autoinit.c.obj                 68      0         0      
       strtok.c.obj                   64      0         4      
       fs_tod_t2.asm.obj              56      0         0      
       boot_cortex_m.c.obj            52      0         0      
       i_tofd_t2.asm.obj              46      0         0      
       strspn.c.obj                   42      0         0      
       strcspn.c.obj                  36      0         0      
       strcat.c.obj                   30      0         0      
       copy_zero_init.c.obj           28      0         0      
       memccpy.c.obj                  28      0         0      
       s_copysign.c.obj               26      0         0      
       strcmp.c.obj                   24      0         0      
       strchr.c.obj                   22      0         0      
       strcpy.c.obj                   20      0         0      
       strlen.c.obj                   20      0         0      
       atof.c.obj                     18      0         0      
       wcslen.c.obj                   18      0         0      
       copy_decompress_none.c.obj     14      0         0      
       errno.c.obj                    8       0         4      
       exit.c.obj                     4       0         0      
       pre_init.c.obj                 4       0         0      
       div0.asm.obj                   2       0         0      
    +--+------------------------------+-------+---------+---------+
       Total:                         12053   505       8      
                                                               
       Stack:                         0       0         512    
       Linker Generated:              0       43        0      
    +--+------------------------------+-------+---------+---------+
       Grand Total:                   15493   1171      1114   


LINKER GENERATED COPY TABLES

__TI_cinit_table @ 00004120 records: 2, size/record: 8, table size: 16
	.bss: load addr=00004110, load size=00000008 bytes, run addr=20000000, run size=00000252 bytes, compression=zero_init
	.data: load addr=00004118, load size=00000007 bytes, run addr=20000458, run size=00000008 bytes, compression=lzss


LINKER GENERATED HANDLER TABLE

__TI_handler_table @ 00004100 records: 3, size/record: 4, table size: 12
	index: 0, handler: __TI_decompress_lzss
	index: 1, handler: __TI_decompress_none
	index: 2, handler: __TI_zero_init


GLOBAL SYMBOLS: SORTED ALPHABETICALLY BY Name 

address   name                          
-------   ----                          
00003ef9  C$$EXIT                       
20000240  Cmd                           
00003ed5  ResetISR                      
20000458  __STACK_END                   
00000200  __STACK_SIZE                  
20000458  __STACK_TOP                   
00004120  __TI_CINIT_Base               
00004130  __TI_CINIT_Limit              
00004100  __TI_Handler_Table_Base       
0000410c  __TI_Handler_Table_Limit      
00003bd9  __TI_auto_init_nobinit_nopinit
0000397b  __TI_decompress_lzss          
00003ec7  __TI_decompress_none          
ffffffff  __TI_pprof_out_hndl           
00000fd1  __TI_printfi                  
ffffffff  __TI_prof_data_size           
ffffffff  __TI_prof_data_start          
00000000  __TI_static_base__            
00003de3  __TI_zero_init_nomemset       
00003719  __aeabi_cdcmpeq               
00003719  __aeabi_cdcmple               
0000379f  __aeabi_cdrcmple              
0000390d  __aeabi_d2f                   
00003b91  __aeabi_d2iz                  
00002c8b  __aeabi_dadd                  
000030cd  __aeabi_ddiv                  
00003439  __aeabi_dmul                  
00002c81  __aeabi_dsub                  
00003eed  __aeabi_errno_addr            
00003cdb  __aeabi_f2d                   
00003d49  __aeabi_i2d                   
00001a1f  __aeabi_idiv0                 
00001a1f  __aeabi_ldiv0                 
00003825  __aeabi_memclr                
00003825  __aeabi_memclr4               
00003825  __aeabi_memclr8               
000035e7  __aeabi_memcpy                
000035e7  __aeabi_memcpy4               
000035e7  __aeabi_memcpy8               
00003827  __aeabi_memset                
00003827  __aeabi_memset4               
00003827  __aeabi_memset8               
00003683  __aeabi_uldivmod              
ffffffff  __binit__                     
ffffffff  __c_args__                    
UNDEFED   __mpu_init                    
20000258  __stack                       
00003d15  _c_int00_noargs               
00003f00  _ctypes_                      
UNDEFED   _system_post_cinit            
00003ef5  _system_pre_init              
00003ef9  abort                         
20000250  argCount                      
20000000  array                         
00003ea3  atof                          
00003b45  atoi                          
ffffffff  binit                         
00003e1b  copysign                      
00003e1b  copysignl                     
20000251  count                         
20000458  errno                         
000039e5  frexp                         
000039e5  frexpl                        
000009bd  ftoa                          
00000000  g_pfnVectors                  
00000803  getArgFloat                   
000007eb  getArgInt                     
00000787  getArgString                  
00000483  getString                     
0000046f  getcUart0                     
0000026d  initHw                        
00000909  intToStr                      
00000ac1  isCommand                     
00003329  ldexp                         
00003329  ldexpl                        
00003a9f  ltoa                          
00000e3d  main                          
00003dff  memccpy                       
000035e7  memcpy                        
0000382d  memset                        
000005cd  parseString                   
20000248  pos                           
00001a21  pow                           
00001a21  powl                          
00000421  putcUart0                     
0000043d  putsUart0                     
0000082b  readAdc0Ss3                   
00000845  readAdc1Ss3                   
00000889  reverse                       
00003329  scalbn                        
00003329  scalbnl                       
00000a61  sendTransmissionData          
00003c1d  sprintf                       
00002e39  sqrt                          
00002e39  sqrtl                         
20000144  str                           
20000198  str1                          
200001ec  str2                          
00003dc5  strcat                        
00003e65  strchr                        
00003e4d  strcmp                        
00003e7b  strcpy                        
00003da1  strcspn                       
00003e8f  strlen                        
00003d77  strspn                        
000023e1  strtod                        
00003c5d  strtok                        
000023e1  strtold                       
0000085f  waitMicrosecond               
00003eb5  wcslen                        


GLOBAL SYMBOLS: SORTED BY Symbol Address 

address   name                          
-------   ----                          
00000000  __TI_static_base__            
00000000  g_pfnVectors                  
00000200  __STACK_SIZE                  
0000026d  initHw                        
00000421  putcUart0                     
0000043d  putsUart0                     
0000046f  getcUart0                     
00000483  getString                     
000005cd  parseString                   
00000787  getArgString                  
000007eb  getArgInt                     
00000803  getArgFloat                   
0000082b  readAdc0Ss3                   
00000845  readAdc1Ss3                   
0000085f  waitMicrosecond               
00000889  reverse                       
00000909  intToStr                      
000009bd  ftoa                          
00000a61  sendTransmissionData          
00000ac1  isCommand                     
00000e3d  main                          
00000fd1  __TI_printfi                  
00001a1f  __aeabi_idiv0                 
00001a1f  __aeabi_ldiv0                 
00001a21  pow                           
00001a21  powl                          
000023e1  strtod                        
000023e1  strtold                       
00002c81  __aeabi_dsub                  
00002c8b  __aeabi_dadd                  
00002e39  sqrt                          
00002e39  sqrtl                         
000030cd  __aeabi_ddiv                  
00003329  ldexp                         
00003329  ldexpl                        
00003329  scalbn                        
00003329  scalbnl                       
00003439  __aeabi_dmul                  
000035e7  __aeabi_memcpy                
000035e7  __aeabi_memcpy4               
000035e7  __aeabi_memcpy8               
000035e7  memcpy                        
00003683  __aeabi_uldivmod              
00003719  __aeabi_cdcmpeq               
00003719  __aeabi_cdcmple               
0000379f  __aeabi_cdrcmple              
00003825  __aeabi_memclr                
00003825  __aeabi_memclr4               
00003825  __aeabi_memclr8               
00003827  __aeabi_memset                
00003827  __aeabi_memset4               
00003827  __aeabi_memset8               
0000382d  memset                        
0000390d  __aeabi_d2f                   
0000397b  __TI_decompress_lzss          
000039e5  frexp                         
000039e5  frexpl                        
00003a9f  ltoa                          
00003b45  atoi                          
00003b91  __aeabi_d2iz                  
00003bd9  __TI_auto_init_nobinit_nopinit
00003c1d  sprintf                       
00003c5d  strtok                        
00003cdb  __aeabi_f2d                   
00003d15  _c_int00_noargs               
00003d49  __aeabi_i2d                   
00003d77  strspn                        
00003da1  strcspn                       
00003dc5  strcat                        
00003de3  __TI_zero_init_nomemset       
00003dff  memccpy                       
00003e1b  copysign                      
00003e1b  copysignl                     
00003e4d  strcmp                        
00003e65  strchr                        
00003e7b  strcpy                        
00003e8f  strlen                        
00003ea3  atof                          
00003eb5  wcslen                        
00003ec7  __TI_decompress_none          
00003ed5  ResetISR                      
00003eed  __aeabi_errno_addr            
00003ef5  _system_pre_init              
00003ef9  C$$EXIT                       
00003ef9  abort                         
00003f00  _ctypes_                      
00004100  __TI_Handler_Table_Base       
0000410c  __TI_Handler_Table_Limit      
00004120  __TI_CINIT_Base               
00004130  __TI_CINIT_Limit              
20000000  array                         
20000144  str                           
20000198  str1                          
200001ec  str2                          
20000240  Cmd                           
20000248  pos                           
20000250  argCount                      
20000251  count                         
20000258  __stack                       
20000458  __STACK_END                   
20000458  __STACK_TOP                   
20000458  errno                         
ffffffff  __TI_pprof_out_hndl           
ffffffff  __TI_prof_data_size           
ffffffff  __TI_prof_data_start          
ffffffff  __binit__                     
ffffffff  __c_args__                    
ffffffff  binit                         
UNDEFED   __mpu_init                    
UNDEFED   _system_post_cinit            

[110 symbols]
